<?xml version="1.0" encoding="ISO-8859-1" ?>
<link_info>
   <banner>TI ARM Linker PC v20.2.5.LTS</banner>
   <copyright>Copyright (c) 1996-2018 Texas Instruments Incorporated</copyright>
   <link_time>0x61512b5a</link_time>
   <link_errors>0x0</link_errors>
   <output_file>freeRTOS_starter.out</output_file>
   <entry_point>
      <name>_c_int00</name>
      <address>0xebc8</address>
   </entry_point>
   <input_file_list>
      <input_file id="fl-2">
         <path>.\</path>
         <kind>object</kind>
         <file>ParTest.obj</file>
         <name>ParTest.obj</name>
      </input_file>
      <input_file id="fl-3">
         <path>.\</path>
         <kind>object</kind>
         <file>sys_main.obj</file>
         <name>sys_main.obj</name>
      </input_file>
      <input_file id="fl-4">
         <path>.\source\</path>
         <kind>object</kind>
         <file>dabort.obj</file>
         <name>dabort.obj</name>
      </input_file>
      <input_file id="fl-5">
         <path>.\source\</path>
         <kind>object</kind>
         <file>errata_SSWF021_45.obj</file>
         <name>errata_SSWF021_45.obj</name>
      </input_file>
      <input_file id="fl-6">
         <path>.\source\</path>
         <kind>object</kind>
         <file>esm.obj</file>
         <name>esm.obj</name>
      </input_file>
      <input_file id="fl-7">
         <path>.\source\</path>
         <kind>object</kind>
         <file>gio.obj</file>
         <name>gio.obj</name>
      </input_file>
      <input_file id="fl-8">
         <path>.\source\</path>
         <kind>object</kind>
         <file>notification.obj</file>
         <name>notification.obj</name>
      </input_file>
      <input_file id="fl-9">
         <path>.\source\</path>
         <kind>object</kind>
         <file>os_croutine.obj</file>
         <name>os_croutine.obj</name>
      </input_file>
      <input_file id="fl-a">
         <path>.\source\</path>
         <kind>object</kind>
         <file>os_event_groups.obj</file>
         <name>os_event_groups.obj</name>
      </input_file>
      <input_file id="fl-b">
         <path>.\source\</path>
         <kind>object</kind>
         <file>os_heap.obj</file>
         <name>os_heap.obj</name>
      </input_file>
      <input_file id="fl-c">
         <path>.\source\</path>
         <kind>object</kind>
         <file>os_list.obj</file>
         <name>os_list.obj</name>
      </input_file>
      <input_file id="fl-d">
         <path>.\source\</path>
         <kind>object</kind>
         <file>os_mpu_wrappers.obj</file>
         <name>os_mpu_wrappers.obj</name>
      </input_file>
      <input_file id="fl-e">
         <path>.\source\</path>
         <kind>object</kind>
         <file>os_port.obj</file>
         <name>os_port.obj</name>
      </input_file>
      <input_file id="fl-f">
         <path>.\source\</path>
         <kind>object</kind>
         <file>os_portasm.obj</file>
         <name>os_portasm.obj</name>
      </input_file>
      <input_file id="fl-10">
         <path>.\source\</path>
         <kind>object</kind>
         <file>os_queue.obj</file>
         <name>os_queue.obj</name>
      </input_file>
      <input_file id="fl-11">
         <path>.\source\</path>
         <kind>object</kind>
         <file>os_tasks.obj</file>
         <name>os_tasks.obj</name>
      </input_file>
      <input_file id="fl-12">
         <path>.\source\</path>
         <kind>object</kind>
         <file>os_timer.obj</file>
         <name>os_timer.obj</name>
      </input_file>
      <input_file id="fl-13">
         <path>.\source\</path>
         <kind>object</kind>
         <file>pinmux.obj</file>
         <name>pinmux.obj</name>
      </input_file>
      <input_file id="fl-14">
         <path>.\source\</path>
         <kind>object</kind>
         <file>sys_core.obj</file>
         <name>sys_core.obj</name>
      </input_file>
      <input_file id="fl-15">
         <path>.\source\</path>
         <kind>object</kind>
         <file>sys_dma.obj</file>
         <name>sys_dma.obj</name>
      </input_file>
      <input_file id="fl-16">
         <path>.\source\</path>
         <kind>object</kind>
         <file>sys_intvecs.obj</file>
         <name>sys_intvecs.obj</name>
      </input_file>
      <input_file id="fl-17">
         <path>.\source\</path>
         <kind>object</kind>
         <file>sys_mpu.obj</file>
         <name>sys_mpu.obj</name>
      </input_file>
      <input_file id="fl-18">
         <path>.\source\</path>
         <kind>object</kind>
         <file>sys_pcr.obj</file>
         <name>sys_pcr.obj</name>
      </input_file>
      <input_file id="fl-19">
         <path>.\source\</path>
         <kind>object</kind>
         <file>sys_phantom.obj</file>
         <name>sys_phantom.obj</name>
      </input_file>
      <input_file id="fl-1a">
         <path>.\source\</path>
         <kind>object</kind>
         <file>sys_pmm.obj</file>
         <name>sys_pmm.obj</name>
      </input_file>
      <input_file id="fl-1b">
         <path>.\source\</path>
         <kind>object</kind>
         <file>sys_pmu.obj</file>
         <name>sys_pmu.obj</name>
      </input_file>
      <input_file id="fl-1c">
         <path>.\source\</path>
         <kind>object</kind>
         <file>sys_selftest.obj</file>
         <name>sys_selftest.obj</name>
      </input_file>
      <input_file id="fl-1d">
         <path>.\source\</path>
         <kind>object</kind>
         <file>sys_startup.obj</file>
         <name>sys_startup.obj</name>
      </input_file>
      <input_file id="fl-1e">
         <path>.\source\</path>
         <kind>object</kind>
         <file>sys_vim.obj</file>
         <name>sys_vim.obj</name>
      </input_file>
      <input_file id="fl-1f">
         <path>.\source\</path>
         <kind>object</kind>
         <file>system.obj</file>
         <name>system.obj</name>
      </input_file>
      <input_file id="fl-23">
         <kind>object</kind>
         <file>&lt;internal&gt;</file>
         <name>&lt;internal&gt;</name>
      </input_file>
      <input_file id="fl-24">
         <path>F:\ti\ccs1040\ccs\tools\compiler\ti-cgt-arm_20.2.5.LTS\lib\</path>
         <kind>archive</kind>
         <file>rtsv7R4_T_be_v3D16_eabi.lib</file>
         <name>memcpy_t2.asm.obj</name>
      </input_file>
      <input_file id="fl-25">
         <path>F:\ti\ccs1040\ccs\tools\compiler\ti-cgt-arm_20.2.5.LTS\lib\</path>
         <kind>archive</kind>
         <file>rtsv7R4_T_be_v3D16_eabi.lib</file>
         <name>memset_t2.asm.obj</name>
      </input_file>
      <input_file id="fl-26">
         <path>F:\ti\ccs1040\ccs\tools\compiler\ti-cgt-arm_20.2.5.LTS\lib\</path>
         <kind>archive</kind>
         <file>rtsv7R4_T_be_v3D16_eabi.lib</file>
         <name>autoinit.c.obj</name>
      </input_file>
      <input_file id="fl-27">
         <path>F:\ti\ccs1040\ccs\tools\compiler\ti-cgt-arm_20.2.5.LTS\lib\</path>
         <kind>archive</kind>
         <file>rtsv7R4_T_be_v3D16_eabi.lib</file>
         <name>cpy_tbl.c.obj</name>
      </input_file>
      <input_file id="fl-28">
         <path>F:\ti\ccs1040\ccs\tools\compiler\ti-cgt-arm_20.2.5.LTS\lib\</path>
         <kind>archive</kind>
         <file>rtsv7R4_T_be_v3D16_eabi.lib</file>
         <name>copy_zero_init.c.obj</name>
      </input_file>
      <input_file id="fl-29">
         <path>F:\ti\ccs1040\ccs\tools\compiler\ti-cgt-arm_20.2.5.LTS\lib\</path>
         <kind>archive</kind>
         <file>rtsv7R4_T_be_v3D16_eabi.lib</file>
         <name>copy_decompress_none.c.obj</name>
      </input_file>
      <input_file id="fl-2a">
         <path>F:\ti\ccs1040\ccs\tools\compiler\ti-cgt-arm_20.2.5.LTS\lib\</path>
         <kind>archive</kind>
         <file>rtsv7R4_T_be_v3D16_eabi.lib</file>
         <name>copy_decompress_lzss.c.obj</name>
      </input_file>
      <input_file id="fl-2b">
         <path>F:\ti\ccs1040\ccs\tools\compiler\ti-cgt-arm_20.2.5.LTS\lib\</path>
         <kind>archive</kind>
         <file>rtsv7R4_T_be_v3D16_eabi.lib</file>
         <name>exit.c.obj</name>
      </input_file>
      <input_file id="fl-2c">
         <path>F:\ti\ccs1040\ccs\tools\compiler\ti-cgt-arm_20.2.5.LTS\lib\</path>
         <kind>archive</kind>
         <file>rtsv7R4_T_be_v3D16_eabi.lib</file>
         <name>_lock.c.obj</name>
      </input_file>
      <input_file id="fl-2d">
         <path>F:\ti\ccs1040\ccs\tools\compiler\ti-cgt-arm_20.2.5.LTS\lib\</path>
         <kind>archive</kind>
         <file>rtsv7R4_T_be_v3D16_eabi.lib</file>
         <name>strlen.c.obj</name>
      </input_file>
   </input_file_list>
   <object_component_list>
      <object_component id="oc-2d">
         <name>.intvecs</name>
         <load_address>0x0</load_address>
         <run_address>0x0</run_address>
         <size>0x20</size>
         <input_file_ref idref="fl-16"/>
      </object_component>
      <object_component id="oc-134">
         <name>.kernelTEXT</name>
         <load_address>0x20</load_address>
         <run_address>0x20</run_address>
         <size>0x2bb8</size>
         <input_file_ref idref="fl-11"/>
      </object_component>
      <object_component id="oc-205">
         <name>.kernelTEXT</name>
         <load_address>0x2bd8</load_address>
         <run_address>0x2bd8</run_address>
         <size>0x11d4</size>
         <input_file_ref idref="fl-10"/>
      </object_component>
      <object_component id="oc-20b">
         <name>.kernelTEXT</name>
         <load_address>0x3dac</load_address>
         <run_address>0x3dac</run_address>
         <size>0x818</size>
         <input_file_ref idref="fl-a"/>
      </object_component>
      <object_component id="oc-9f">
         <name>.kernelTEXT</name>
         <load_address>0x45c4</load_address>
         <run_address>0x45c4</run_address>
         <size>0x4b0</size>
         <input_file_ref idref="fl-f"/>
      </object_component>
      <object_component id="oc-233">
         <name>.kernelTEXT</name>
         <load_address>0x4a74</load_address>
         <run_address>0x4a74</run_address>
         <size>0x3e0</size>
         <input_file_ref idref="fl-e"/>
      </object_component>
      <object_component id="oc-227">
         <name>.kernelTEXT</name>
         <load_address>0x4e54</load_address>
         <run_address>0x4e54</run_address>
         <size>0x37c</size>
         <input_file_ref idref="fl-b"/>
      </object_component>
      <object_component id="oc-338">
         <name>__TI_handler_table</name>
         <load_address>0x51d0</load_address>
         <run_address>0x51d0</run_address>
         <size>0xc</size>
      </object_component>
      <object_component id="oc-33d">
         <name>.cinit..data.load</name>
         <load_address>0x51dc</load_address>
         <run_address>0x51dc</run_address>
         <size>0xb</size>
      </object_component>
      <object_component id="oc-33a">
         <name>.cinit..kernelBSS.load</name>
         <load_address>0x51e7</load_address>
         <run_address>0x51e7</run_address>
         <size>0x9</size>
      </object_component>
      <object_component id="oc-33c">
         <name>.cinit..bss.load</name>
         <load_address>0x51f0</load_address>
         <run_address>0x51f0</run_address>
         <size>0x8</size>
      </object_component>
      <object_component id="oc-33b">
         <name>.cinit..kernelHEAP.load</name>
         <load_address>0x51f8</load_address>
         <run_address>0x51f8</run_address>
         <size>0x8</size>
      </object_component>
      <object_component id="oc-339">
         <name>__TI_cinit_table</name>
         <load_address>0x5200</load_address>
         <run_address>0x5200</run_address>
         <size>0x20</size>
      </object_component>
      <object_component id="oc-7e">
         <name>.text</name>
         <load_address>0x8020</load_address>
         <run_address>0x8020</run_address>
         <size>0x2cdc</size>
         <input_file_ref idref="fl-1c"/>
      </object_component>
      <object_component id="oc-78">
         <name>.text</name>
         <load_address>0xacfc</load_address>
         <run_address>0xacfc</run_address>
         <size>0xb64</size>
         <input_file_ref idref="fl-1f"/>
      </object_component>
      <object_component id="oc-3c">
         <name>.text</name>
         <load_address>0xb860</load_address>
         <run_address>0xb860</run_address>
         <size>0xa58</size>
         <input_file_ref idref="fl-1e"/>
      </object_component>
      <object_component id="oc-12e">
         <name>.text</name>
         <load_address>0xc2b8</load_address>
         <run_address>0xc2b8</run_address>
         <size>0x9a0</size>
         <input_file_ref idref="fl-d"/>
      </object_component>
      <object_component id="oc-e2">
         <name>.text</name>
         <load_address>0xcc58</load_address>
         <run_address>0xcc58</run_address>
         <size>0x8b4</size>
         <input_file_ref idref="fl-13"/>
      </object_component>
      <object_component id="oc-6c">
         <name>.text</name>
         <load_address>0xd50c</load_address>
         <run_address>0xd50c</run_address>
         <size>0x664</size>
         <input_file_ref idref="fl-5"/>
      </object_component>
      <object_component id="oc-84">
         <name>.text</name>
         <load_address>0xdb70</load_address>
         <run_address>0xdb70</run_address>
         <size>0x5bc</size>
         <input_file_ref idref="fl-6"/>
      </object_component>
      <object_component id="oc-128">
         <name>.text</name>
         <load_address>0xe12c</load_address>
         <run_address>0xe12c</run_address>
         <size>0x484</size>
         <input_file_ref idref="fl-7"/>
      </object_component>
      <object_component id="oc-67">
         <name>.text</name>
         <load_address>0xe5b0</load_address>
         <run_address>0xe5b0</run_address>
         <size>0x34c</size>
         <input_file_ref idref="fl-14"/>
      </object_component>
      <object_component id="oc-38">
         <name>.text:retain</name>
         <load_address>0xe8fc</load_address>
         <run_address>0xe8fc</run_address>
         <size>0x2cc</size>
         <input_file_ref idref="fl-1e"/>
      </object_component>
      <object_component id="oc-1e">
         <name>.text:retain</name>
         <load_address>0xebc8</load_address>
         <run_address>0xebc8</run_address>
         <size>0x288</size>
         <input_file_ref idref="fl-1d"/>
      </object_component>
      <object_component id="oc-2a3">
         <name>.text</name>
         <load_address>0xee50</load_address>
         <run_address>0xee50</run_address>
         <size>0x278</size>
         <input_file_ref idref="fl-b"/>
      </object_component>
      <object_component id="oc-22d">
         <name>.text</name>
         <load_address>0xf0c8</load_address>
         <run_address>0xf0c8</run_address>
         <size>0x238</size>
         <input_file_ref idref="fl-c"/>
      </object_component>
      <object_component id="oc-2b3">
         <name>.text</name>
         <load_address>0xf300</load_address>
         <run_address>0xf300</run_address>
         <size>0x1b0</size>
         <input_file_ref idref="fl-e"/>
      </object_component>
      <object_component id="oc-8b">
         <name>.text</name>
         <load_address>0xf4b0</load_address>
         <run_address>0xf4b0</run_address>
         <size>0x15c</size>
         <input_file_ref idref="fl-3"/>
      </object_component>
      <object_component id="oc-1ff">
         <name>.text</name>
         <load_address>0xf60c</load_address>
         <run_address>0xf60c</run_address>
         <size>0x158</size>
         <input_file_ref idref="fl-11"/>
      </object_component>
      <object_component id="oc-24">
         <name>.text:retain</name>
         <load_address>0xf764</load_address>
         <run_address>0xf764</run_address>
         <size>0x114</size>
         <input_file_ref idref="fl-6"/>
      </object_component>
      <object_component id="oc-a7">
         <name>.text</name>
         <load_address>0xf878</load_address>
         <run_address>0xf878</run_address>
         <size>0xe8</size>
         <input_file_ref idref="fl-4"/>
      </object_component>
      <object_component id="oc-ea">
         <name>.text</name>
         <load_address>0xf960</load_address>
         <run_address>0xf960</run_address>
         <size>0xe0</size>
         <input_file_ref idref="fl-1b"/>
      </object_component>
      <object_component id="oc-4f">
         <name>.text</name>
         <load_address>0xfa40</load_address>
         <run_address>0xfa40</run_address>
         <size>0x9c</size>
         <input_file_ref idref="fl-24"/>
      </object_component>
      <object_component id="oc-93">
         <name>.text</name>
         <load_address>0xfadc</load_address>
         <run_address>0xfadc</run_address>
         <size>0x80</size>
         <input_file_ref idref="fl-8"/>
      </object_component>
      <object_component id="oc-d4">
         <name>.text</name>
         <load_address>0xfb5c</load_address>
         <run_address>0xfb5c</run_address>
         <size>0x7a</size>
         <input_file_ref idref="fl-25"/>
      </object_component>
      <object_component id="oc-11">
         <name>.text:decompress:lzss:__TI_decompress_lzss</name>
         <load_address>0xfbd6</load_address>
         <run_address>0xfbd6</run_address>
         <size>0x6c</size>
         <input_file_ref idref="fl-2a"/>
      </object_component>
      <object_component id="oc-13a">
         <name>.text</name>
         <load_address>0xfc44</load_address>
         <run_address>0xfc44</run_address>
         <size>0x4c</size>
         <input_file_ref idref="fl-2"/>
      </object_component>
      <object_component id="oc-f8">
         <name>.text:__TI_auto_init_nobinit_nopinit:__TI_auto_init_nobinit_nopinit</name>
         <load_address>0xfc90</load_address>
         <run_address>0xfc90</run_address>
         <size>0x44</size>
         <input_file_ref idref="fl-26"/>
      </object_component>
      <object_component id="oc-23c">
         <name>.text:strlen</name>
         <load_address>0xfcd4</load_address>
         <run_address>0xfcd4</run_address>
         <size>0x16</size>
         <input_file_ref idref="fl-2d"/>
      </object_component>
      <object_component id="oc-17">
         <name>.text:decompress:none:__TI_decompress_none</name>
         <load_address>0xfcea</load_address>
         <run_address>0xfcea</run_address>
         <size>0xe</size>
         <input_file_ref idref="fl-29"/>
      </object_component>
      <object_component id="oc-61">
         <name>.text:decompress:ZI:__TI_zero_init</name>
         <load_address>0xfcf8</load_address>
         <run_address>0xfcf8</run_address>
         <size>0xc</size>
         <input_file_ref idref="fl-28"/>
      </object_component>
      <object_component id="oc-14a">
         <name>.text:abort:abort</name>
         <load_address>0xfd04</load_address>
         <run_address>0xfd04</run_address>
         <size>0x4</size>
         <input_file_ref idref="fl-2b"/>
      </object_component>
      <object_component id="oc-32">
         <name>.text:retain</name>
         <load_address>0xfd08</load_address>
         <run_address>0xfd08</run_address>
         <size>0x4</size>
         <input_file_ref idref="fl-19"/>
      </object_component>
      <object_component id="oc-72">
         <name>.text</name>
         <load_address>0xfd0c</load_address>
         <run_address>0xfd0c</run_address>
         <size>0x4</size>
         <input_file_ref idref="fl-1d"/>
      </object_component>
      <object_component id="oc-2a">
         <name>.const:s_vim_init</name>
         <load_address>0xfd10</load_address>
         <run_address>0xfd10</run_address>
         <size>0x200</size>
         <input_file_ref idref="fl-1e"/>
      </object_component>
      <object_component id="oc-162">
         <name>.kernelBSS:init</name>
         <load_address>0x80008d0</load_address>
         <run_address>0x80008d0</run_address>
         <size>0x34</size>
         <input_file_ref idref="fl-11"/>
      </object_component>
      <object_component id="oc-239">
         <name>.kernelBSS:uninit</name>
         <load_address>0x8000800</load_address>
         <run_address>0x8000800</run_address>
         <size>0xd0</size>
         <input_file_ref idref="fl-11"/>
      </object_component>
      <object_component id="oc-2f7">
         <name>.kernelHEAP</name>
         <uninitialized>true</uninitialized>
         <run_address>0x8001000</run_address>
         <size>0x2000</size>
         <input_file_ref idref="fl-b"/>
      </object_component>
      <object_component id="oc-2ac">
         <name>.bss:xStart</name>
         <uninitialized>true</uninitialized>
         <run_address>0x800301c</run_address>
         <size>0x8</size>
         <input_file_ref idref="fl-b"/>
      </object_component>
      <object_component id="oc-140">
         <name>.data</name>
         <load_address>0x8003018</load_address>
         <run_address>0x8003018</run_address>
         <size>0x4</size>
         <input_file_ref idref="fl-3"/>
      </object_component>
      <object_component id="oc-2a9">
         <name>.data</name>
         <load_address>0x8003000</load_address>
         <run_address>0x8003000</run_address>
         <size>0x10</size>
         <input_file_ref idref="fl-b"/>
      </object_component>
      <object_component id="oc-165">
         <name>.data</name>
         <load_address>0x8003010</load_address>
         <run_address>0x8003010</run_address>
         <size>0x8</size>
         <input_file_ref idref="fl-e"/>
      </object_component>
      <object_component id="oc-253">
         <name>.debug_info</name>
         <load_address>0x0</load_address>
         <run_address>0x0</run_address>
         <size>0x3a6</size>
         <input_file_ref idref="fl-2"/>
      </object_component>
      <object_component id="oc-13d">
         <name>.debug_info</name>
         <load_address>0x3a6</load_address>
         <run_address>0x3a6</run_address>
         <size>0x146</size>
         <input_file_ref idref="fl-2"/>
      </object_component>
      <object_component id="oc-218">
         <name>.debug_info</name>
         <load_address>0x4ec</load_address>
         <run_address>0x4ec</run_address>
         <size>0x30c</size>
         <input_file_ref idref="fl-2"/>
      </object_component>
      <object_component id="oc-16b">
         <name>.debug_info</name>
         <load_address>0x7f8</load_address>
         <run_address>0x7f8</run_address>
         <size>0x26b</size>
         <input_file_ref idref="fl-2"/>
      </object_component>
      <object_component id="oc-9a">
         <name>.debug_info</name>
         <load_address>0xa63</load_address>
         <run_address>0xa63</run_address>
         <size>0x157</size>
         <input_file_ref idref="fl-2"/>
      </object_component>
      <object_component id="oc-24e">
         <name>.debug_info</name>
         <load_address>0xbba</load_address>
         <run_address>0xbba</run_address>
         <size>0x37f</size>
         <input_file_ref idref="fl-2"/>
      </object_component>
      <object_component id="oc-145">
         <name>.debug_info</name>
         <load_address>0xf39</load_address>
         <run_address>0xf39</run_address>
         <size>0xe1</size>
         <input_file_ref idref="fl-2"/>
      </object_component>
      <object_component id="oc-b5">
         <name>.debug_info</name>
         <load_address>0x101a</load_address>
         <run_address>0x101a</run_address>
         <size>0x8b</size>
         <input_file_ref idref="fl-2"/>
      </object_component>
      <object_component id="oc-212">
         <name>.debug_info</name>
         <load_address>0x10a5</load_address>
         <run_address>0x10a5</run_address>
         <size>0x2c</size>
         <input_file_ref idref="fl-2"/>
      </object_component>
      <object_component id="oc-265">
         <name>.debug_info</name>
         <load_address>0x10d1</load_address>
         <run_address>0x10d1</run_address>
         <size>0x2a4</size>
         <input_file_ref idref="fl-2"/>
      </object_component>
      <object_component id="oc-15d">
         <name>.debug_info</name>
         <load_address>0x1375</load_address>
         <run_address>0x1375</run_address>
         <size>0xbb</size>
         <input_file_ref idref="fl-2"/>
      </object_component>
      <object_component id="oc-ba">
         <name>.debug_info</name>
         <load_address>0x1430</load_address>
         <run_address>0x1430</run_address>
         <size>0x86</size>
         <input_file_ref idref="fl-2"/>
      </object_component>
      <object_component id="oc-17a">
         <name>.debug_info</name>
         <load_address>0x14b6</load_address>
         <run_address>0x14b6</run_address>
         <size>0x1f9</size>
         <input_file_ref idref="fl-2"/>
      </object_component>
      <object_component id="oc-28d">
         <name>.debug_info</name>
         <load_address>0x16af</load_address>
         <run_address>0x16af</run_address>
         <size>0x12a</size>
         <input_file_ref idref="fl-2"/>
      </object_component>
      <object_component id="oc-249">
         <name>.debug_info</name>
         <load_address>0x17d9</load_address>
         <run_address>0x17d9</run_address>
         <size>0x14c</size>
         <input_file_ref idref="fl-2"/>
      </object_component>
      <object_component id="oc-144">
         <name>.debug_info</name>
         <load_address>0x1925</load_address>
         <run_address>0x1925</run_address>
         <size>0x5f0</size>
         <input_file_ref idref="fl-3"/>
      </object_component>
      <object_component id="oc-141">
         <name>.debug_info</name>
         <load_address>0x1f15</load_address>
         <run_address>0x1f15</run_address>
         <size>0xc2</size>
         <input_file_ref idref="fl-3"/>
      </object_component>
      <object_component id="oc-8c">
         <name>.debug_info</name>
         <load_address>0x1fd7</load_address>
         <run_address>0x1fd7</run_address>
         <size>0x3c8</size>
         <input_file_ref idref="fl-3"/>
      </object_component>
      <object_component id="oc-21d">
         <name>.debug_info</name>
         <load_address>0x239f</load_address>
         <run_address>0x239f</run_address>
         <size>0x46</size>
         <input_file_ref idref="fl-3"/>
      </object_component>
      <object_component id="oc-a8">
         <name>.debug_info</name>
         <load_address>0x23e5</load_address>
         <run_address>0x23e5</run_address>
         <size>0xeb</size>
         <input_file_ref idref="fl-4"/>
      </object_component>
      <object_component id="oc-1a3">
         <name>.debug_info</name>
         <load_address>0x24d0</load_address>
         <run_address>0x24d0</run_address>
         <size>0x2aa</size>
         <input_file_ref idref="fl-5"/>
      </object_component>
      <object_component id="oc-6d">
         <name>.debug_info</name>
         <load_address>0x277a</load_address>
         <run_address>0x277a</run_address>
         <size>0x62b</size>
         <input_file_ref idref="fl-5"/>
      </object_component>
      <object_component id="oc-4a">
         <name>.debug_info</name>
         <load_address>0x2da5</load_address>
         <run_address>0x2da5</run_address>
         <size>0x84</size>
         <input_file_ref idref="fl-5"/>
      </object_component>
      <object_component id="oc-dc">
         <name>.debug_info</name>
         <load_address>0x2e29</load_address>
         <run_address>0x2e29</run_address>
         <size>0x9e7</size>
         <input_file_ref idref="fl-5"/>
      </object_component>
      <object_component id="oc-f7">
         <name>.debug_info</name>
         <load_address>0x3810</load_address>
         <run_address>0x3810</run_address>
         <size>0x302</size>
         <input_file_ref idref="fl-6"/>
      </object_component>
      <object_component id="oc-85">
         <name>.debug_info</name>
         <load_address>0x3b12</load_address>
         <run_address>0x3b12</run_address>
         <size>0xb17</size>
         <input_file_ref idref="fl-6"/>
      </object_component>
      <object_component id="oc-25">
         <name>.debug_info</name>
         <load_address>0x4629</load_address>
         <run_address>0x4629</run_address>
         <size>0x177</size>
         <input_file_ref idref="fl-6"/>
      </object_component>
      <object_component id="oc-b0">
         <name>.debug_info</name>
         <load_address>0x47a0</load_address>
         <run_address>0x47a0</run_address>
         <size>0x18c</size>
         <input_file_ref idref="fl-6"/>
      </object_component>
      <object_component id="oc-170">
         <name>.debug_info</name>
         <load_address>0x492c</load_address>
         <run_address>0x492c</run_address>
         <size>0x1de</size>
         <input_file_ref idref="fl-6"/>
      </object_component>
      <object_component id="oc-f2">
         <name>.debug_info</name>
         <load_address>0x4b0a</load_address>
         <run_address>0x4b0a</run_address>
         <size>0x129</size>
         <input_file_ref idref="fl-6"/>
      </object_component>
      <object_component id="oc-189">
         <name>.debug_info</name>
         <load_address>0x4c33</load_address>
         <run_address>0x4c33</run_address>
         <size>0x2d0</size>
         <input_file_ref idref="fl-6"/>
      </object_component>
      <object_component id="oc-1fe">
         <name>.debug_info</name>
         <load_address>0x4f03</load_address>
         <run_address>0x4f03</run_address>
         <size>0x285</size>
         <input_file_ref idref="fl-7"/>
      </object_component>
      <object_component id="oc-12b">
         <name>.debug_info</name>
         <load_address>0x5188</load_address>
         <run_address>0x5188</run_address>
         <size>0x6cf</size>
         <input_file_ref idref="fl-7"/>
      </object_component>
      <object_component id="oc-157">
         <name>.debug_info</name>
         <load_address>0x5857</load_address>
         <run_address>0x5857</run_address>
         <size>0x473</size>
         <input_file_ref idref="fl-8"/>
      </object_component>
      <object_component id="oc-94">
         <name>.debug_info</name>
         <load_address>0x5cca</load_address>
         <run_address>0x5cca</run_address>
         <size>0x64d</size>
         <input_file_ref idref="fl-8"/>
      </object_component>
      <object_component id="oc-1a8">
         <name>.debug_info</name>
         <load_address>0x6317</load_address>
         <run_address>0x6317</run_address>
         <size>0x791</size>
         <input_file_ref idref="fl-8"/>
      </object_component>
      <object_component id="oc-1ad">
         <name>.debug_info</name>
         <load_address>0x6aa8</load_address>
         <run_address>0x6aa8</run_address>
         <size>0x4de</size>
         <input_file_ref idref="fl-8"/>
      </object_component>
      <object_component id="oc-1b2">
         <name>.debug_info</name>
         <load_address>0x6f86</load_address>
         <run_address>0x6f86</run_address>
         <size>0x3ce</size>
         <input_file_ref idref="fl-8"/>
      </object_component>
      <object_component id="oc-260">
         <name>.debug_info</name>
         <load_address>0x7354</load_address>
         <run_address>0x7354</run_address>
         <size>0x7cd</size>
         <input_file_ref idref="fl-8"/>
      </object_component>
      <object_component id="oc-158">
         <name>.debug_info</name>
         <load_address>0x7b21</load_address>
         <run_address>0x7b21</run_address>
         <size>0x673</size>
         <input_file_ref idref="fl-8"/>
      </object_component>
      <object_component id="oc-19b">
         <name>.debug_info</name>
         <load_address>0x8194</load_address>
         <run_address>0x8194</run_address>
         <size>0x2c</size>
         <input_file_ref idref="fl-8"/>
      </object_component>
      <object_component id="oc-1b7">
         <name>.debug_info</name>
         <load_address>0x81c0</load_address>
         <run_address>0x81c0</run_address>
         <size>0x35</size>
         <input_file_ref idref="fl-8"/>
      </object_component>
      <object_component id="oc-1bc">
         <name>.debug_info</name>
         <load_address>0x81f5</load_address>
         <run_address>0x81f5</run_address>
         <size>0x437</size>
         <input_file_ref idref="fl-8"/>
      </object_component>
      <object_component id="oc-1e7">
         <name>.debug_info</name>
         <load_address>0x862c</load_address>
         <run_address>0x862c</run_address>
         <size>0x37b</size>
         <input_file_ref idref="fl-8"/>
      </object_component>
      <object_component id="oc-1c1">
         <name>.debug_info</name>
         <load_address>0x89a7</load_address>
         <run_address>0x89a7</run_address>
         <size>0x1ca</size>
         <input_file_ref idref="fl-8"/>
      </object_component>
      <object_component id="oc-175">
         <name>.debug_info</name>
         <load_address>0x8b71</load_address>
         <run_address>0x8b71</run_address>
         <size>0x435</size>
         <input_file_ref idref="fl-8"/>
      </object_component>
      <object_component id="oc-1da">
         <name>.debug_info</name>
         <load_address>0x8fa6</load_address>
         <run_address>0x8fa6</run_address>
         <size>0x551</size>
         <input_file_ref idref="fl-8"/>
      </object_component>
      <object_component id="oc-1c6">
         <name>.debug_info</name>
         <load_address>0x94f7</load_address>
         <run_address>0x94f7</run_address>
         <size>0x3d3</size>
         <input_file_ref idref="fl-8"/>
      </object_component>
      <object_component id="oc-1d0">
         <name>.debug_info</name>
         <load_address>0x98ca</load_address>
         <run_address>0x98ca</run_address>
         <size>0x1de</size>
         <input_file_ref idref="fl-8"/>
      </object_component>
      <object_component id="oc-1df">
         <name>.debug_info</name>
         <load_address>0x9aa8</load_address>
         <run_address>0x9aa8</run_address>
         <size>0x17a</size>
         <input_file_ref idref="fl-8"/>
      </object_component>
      <object_component id="oc-17f">
         <name>.debug_info</name>
         <load_address>0x9c22</load_address>
         <run_address>0x9c22</run_address>
         <size>0x6a6</size>
         <input_file_ref idref="fl-8"/>
      </object_component>
      <object_component id="oc-184">
         <name>.debug_info</name>
         <load_address>0xa2c8</load_address>
         <run_address>0xa2c8</run_address>
         <size>0x13e</size>
         <input_file_ref idref="fl-8"/>
      </object_component>
      <object_component id="oc-29b">
         <name>.debug_info</name>
         <load_address>0xa406</load_address>
         <run_address>0xa406</run_address>
         <size>0x668</size>
         <input_file_ref idref="fl-a"/>
      </object_component>
      <object_component id="oc-20c">
         <name>.debug_info</name>
         <load_address>0xaa6e</load_address>
         <run_address>0xaa6e</run_address>
         <size>0x1466</size>
         <input_file_ref idref="fl-a"/>
      </object_component>
      <object_component id="oc-295">
         <name>.debug_info</name>
         <load_address>0xbed4</load_address>
         <run_address>0xbed4</run_address>
         <size>0x110</size>
         <input_file_ref idref="fl-a"/>
      </object_component>
      <object_component id="oc-222">
         <name>.debug_info</name>
         <load_address>0xbfe4</load_address>
         <run_address>0xbfe4</run_address>
         <size>0x39</size>
         <input_file_ref idref="fl-a"/>
      </object_component>
      <object_component id="oc-29e">
         <name>.debug_info</name>
         <load_address>0xc01d</load_address>
         <run_address>0xc01d</run_address>
         <size>0x46</size>
         <input_file_ref idref="fl-a"/>
      </object_component>
      <object_component id="oc-2f2">
         <name>.debug_info</name>
         <load_address>0xc063</load_address>
         <run_address>0xc063</run_address>
         <size>0x62</size>
         <input_file_ref idref="fl-a"/>
      </object_component>
      <object_component id="oc-2b0">
         <name>.debug_info</name>
         <load_address>0xc0c5</load_address>
         <run_address>0xc0c5</run_address>
         <size>0x410</size>
         <input_file_ref idref="fl-b"/>
      </object_component>
      <object_component id="oc-2f8">
         <name>.debug_info</name>
         <load_address>0xc4d5</load_address>
         <run_address>0xc4d5</run_address>
         <size>0xc8</size>
         <input_file_ref idref="fl-b"/>
      </object_component>
      <object_component id="oc-2ad">
         <name>.debug_info</name>
         <load_address>0xc59d</load_address>
         <run_address>0xc59d</run_address>
         <size>0xc8</size>
         <input_file_ref idref="fl-b"/>
      </object_component>
      <object_component id="oc-2aa">
         <name>.debug_info</name>
         <load_address>0xc665</load_address>
         <run_address>0xc665</run_address>
         <size>0x17c</size>
         <input_file_ref idref="fl-b"/>
      </object_component>
      <object_component id="oc-229">
         <name>.debug_info</name>
         <load_address>0xc7e1</load_address>
         <run_address>0xc7e1</run_address>
         <size>0x525</size>
         <input_file_ref idref="fl-b"/>
      </object_component>
      <object_component id="oc-2a7">
         <name>.debug_info</name>
         <load_address>0xcd06</load_address>
         <run_address>0xcd06</run_address>
         <size>0x29f</size>
         <input_file_ref idref="fl-b"/>
      </object_component>
      <object_component id="oc-2ff">
         <name>.debug_info</name>
         <load_address>0xcfa5</load_address>
         <run_address>0xcfa5</run_address>
         <size>0x62</size>
         <input_file_ref idref="fl-b"/>
      </object_component>
      <object_component id="oc-2b2">
         <name>.debug_info</name>
         <load_address>0xd007</load_address>
         <run_address>0xd007</run_address>
         <size>0x34b</size>
         <input_file_ref idref="fl-c"/>
      </object_component>
      <object_component id="oc-22e">
         <name>.debug_info</name>
         <load_address>0xd352</load_address>
         <run_address>0xd352</run_address>
         <size>0x4a6</size>
         <input_file_ref idref="fl-c"/>
      </object_component>
      <object_component id="oc-217">
         <name>.debug_info</name>
         <load_address>0xd7f8</load_address>
         <run_address>0xd7f8</run_address>
         <size>0xe17</size>
         <input_file_ref idref="fl-d"/>
      </object_component>
      <object_component id="oc-132">
         <name>.debug_info</name>
         <load_address>0xe60f</load_address>
         <run_address>0xe60f</run_address>
         <size>0x3b02</size>
         <input_file_ref idref="fl-d"/>
      </object_component>
      <object_component id="oc-2ba">
         <name>.debug_info</name>
         <load_address>0x12111</load_address>
         <run_address>0x12111</run_address>
         <size>0x463</size>
         <input_file_ref idref="fl-e"/>
      </object_component>
      <object_component id="oc-166">
         <name>.debug_info</name>
         <load_address>0x12574</load_address>
         <run_address>0x12574</run_address>
         <size>0x116</size>
         <input_file_ref idref="fl-e"/>
      </object_component>
      <object_component id="oc-234">
         <name>.debug_info</name>
         <load_address>0x1268a</load_address>
         <run_address>0x1268a</run_address>
         <size>0x5aa</size>
         <input_file_ref idref="fl-e"/>
      </object_component>
      <object_component id="oc-2b4">
         <name>.debug_info</name>
         <load_address>0x12c34</load_address>
         <run_address>0x12c34</run_address>
         <size>0x34f</size>
         <input_file_ref idref="fl-e"/>
      </object_component>
      <object_component id="oc-a2">
         <name>.debug_info</name>
         <load_address>0x12f83</load_address>
         <run_address>0x12f83</run_address>
         <size>0x4cc</size>
         <input_file_ref idref="fl-f"/>
      </object_component>
      <object_component id="oc-294">
         <name>.debug_info</name>
         <load_address>0x1344f</load_address>
         <run_address>0x1344f</run_address>
         <size>0x6c8</size>
         <input_file_ref idref="fl-10"/>
      </object_component>
      <object_component id="oc-207">
         <name>.debug_info</name>
         <load_address>0x13b17</load_address>
         <run_address>0x13b17</run_address>
         <size>0x23ec</size>
         <input_file_ref idref="fl-10"/>
      </object_component>
      <object_component id="oc-2eb">
         <name>.debug_info</name>
         <load_address>0x15f03</load_address>
         <run_address>0x15f03</run_address>
         <size>0x155</size>
         <input_file_ref idref="fl-10"/>
      </object_component>
      <object_component id="oc-243">
         <name>.debug_info</name>
         <load_address>0x16058</load_address>
         <run_address>0x16058</run_address>
         <size>0x83f</size>
         <input_file_ref idref="fl-11"/>
      </object_component>
      <object_component id="oc-163">
         <name>.debug_info</name>
         <load_address>0x16897</load_address>
         <run_address>0x16897</run_address>
         <size>0x339</size>
         <input_file_ref idref="fl-11"/>
      </object_component>
      <object_component id="oc-23a">
         <name>.debug_info</name>
         <load_address>0x16bd0</load_address>
         <run_address>0x16bd0</run_address>
         <size>0x265</size>
         <input_file_ref idref="fl-11"/>
      </object_component>
      <object_component id="oc-136">
         <name>.debug_info</name>
         <load_address>0x16e35</load_address>
         <run_address>0x16e35</run_address>
         <size>0x4b79</size>
         <input_file_ref idref="fl-11"/>
      </object_component>
      <object_component id="oc-201">
         <name>.debug_info</name>
         <load_address>0x1b9ae</load_address>
         <run_address>0x1b9ae</run_address>
         <size>0x3e7</size>
         <input_file_ref idref="fl-11"/>
      </object_component>
      <object_component id="oc-2c1">
         <name>.debug_info</name>
         <load_address>0x1bd95</load_address>
         <run_address>0x1bd95</run_address>
         <size>0x14e</size>
         <input_file_ref idref="fl-11"/>
      </object_component>
      <object_component id="oc-1a5">
         <name>.debug_info</name>
         <load_address>0x1bee3</load_address>
         <run_address>0x1bee3</run_address>
         <size>0x26c</size>
         <input_file_ref idref="fl-13"/>
      </object_component>
      <object_component id="oc-e3">
         <name>.debug_info</name>
         <load_address>0x1c14f</load_address>
         <run_address>0x1c14f</run_address>
         <size>0x1d5</size>
         <input_file_ref idref="fl-13"/>
      </object_component>
      <object_component id="oc-1cb">
         <name>.debug_info</name>
         <load_address>0x1c324</load_address>
         <run_address>0x1c324</run_address>
         <size>0x508</size>
         <input_file_ref idref="fl-13"/>
      </object_component>
      <object_component id="oc-272">
         <name>.debug_info</name>
         <load_address>0x1c82c</load_address>
         <run_address>0x1c82c</run_address>
         <size>0x43c</size>
         <input_file_ref idref="fl-13"/>
      </object_component>
      <object_component id="oc-6a">
         <name>.debug_info</name>
         <load_address>0x1cc68</load_address>
         <run_address>0x1cc68</run_address>
         <size>0x7e0</size>
         <input_file_ref idref="fl-14"/>
      </object_component>
      <object_component id="oc-2e">
         <name>.debug_info</name>
         <load_address>0x1d448</load_address>
         <run_address>0x1d448</run_address>
         <size>0xf3</size>
         <input_file_ref idref="fl-16"/>
      </object_component>
      <object_component id="oc-277">
         <name>.debug_info</name>
         <load_address>0x1d53b</load_address>
         <run_address>0x1d53b</run_address>
         <size>0x28b</size>
         <input_file_ref idref="fl-18"/>
      </object_component>
      <object_component id="oc-2d8">
         <name>.debug_info</name>
         <load_address>0x1d7c6</load_address>
         <run_address>0x1d7c6</run_address>
         <size>0x242</size>
         <input_file_ref idref="fl-18"/>
      </object_component>
      <object_component id="oc-1d5">
         <name>.debug_info</name>
         <load_address>0x1da08</load_address>
         <run_address>0x1da08</run_address>
         <size>0x2af</size>
         <input_file_ref idref="fl-18"/>
      </object_component>
      <object_component id="oc-35">
         <name>.debug_info</name>
         <load_address>0x1dcb7</load_address>
         <run_address>0x1dcb7</run_address>
         <size>0x128</size>
         <input_file_ref idref="fl-19"/>
      </object_component>
      <object_component id="oc-eb">
         <name>.debug_info</name>
         <load_address>0x1dddf</load_address>
         <run_address>0x1dddf</run_address>
         <size>0x352</size>
         <input_file_ref idref="fl-1b"/>
      </object_component>
      <object_component id="oc-f0">
         <name>.debug_info</name>
         <load_address>0x1e131</load_address>
         <run_address>0x1e131</run_address>
         <size>0x661</size>
         <input_file_ref idref="fl-1c"/>
      </object_component>
      <object_component id="oc-7f">
         <name>.debug_info</name>
         <load_address>0x1e792</load_address>
         <run_address>0x1e792</run_address>
         <size>0x2e7a</size>
         <input_file_ref idref="fl-1c"/>
      </object_component>
      <object_component id="oc-1f">
         <name>.debug_info</name>
         <load_address>0x2160c</load_address>
         <run_address>0x2160c</run_address>
         <size>0x5ce</size>
         <input_file_ref idref="fl-1d"/>
      </object_component>
      <object_component id="oc-73">
         <name>.debug_info</name>
         <load_address>0x21bda</load_address>
         <run_address>0x21bda</run_address>
         <size>0x121</size>
         <input_file_ref idref="fl-1d"/>
      </object_component>
      <object_component id="oc-a6">
         <name>.debug_info</name>
         <load_address>0x21cfb</load_address>
         <run_address>0x21cfb</run_address>
         <size>0x493</size>
         <input_file_ref idref="fl-1e"/>
      </object_component>
      <object_component id="oc-2b">
         <name>.debug_info</name>
         <load_address>0x2218e</load_address>
         <run_address>0x2218e</run_address>
         <size>0xd0</size>
         <input_file_ref idref="fl-1e"/>
      </object_component>
      <object_component id="oc-3d">
         <name>.debug_info</name>
         <load_address>0x2225e</load_address>
         <run_address>0x2225e</run_address>
         <size>0x462</size>
         <input_file_ref idref="fl-1e"/>
      </object_component>
      <object_component id="oc-39">
         <name>.debug_info</name>
         <load_address>0x226c0</load_address>
         <run_address>0x226c0</run_address>
         <size>0x1eb</size>
         <input_file_ref idref="fl-1e"/>
      </object_component>
      <object_component id="oc-18e">
         <name>.debug_info</name>
         <load_address>0x228ab</load_address>
         <run_address>0x228ab</run_address>
         <size>0x4f</size>
         <input_file_ref idref="fl-1e"/>
      </object_component>
      <object_component id="oc-e9">
         <name>.debug_info</name>
         <load_address>0x228fa</load_address>
         <run_address>0x228fa</run_address>
         <size>0x50e</size>
         <input_file_ref idref="fl-1f"/>
      </object_component>
      <object_component id="oc-79">
         <name>.debug_info</name>
         <load_address>0x22e08</load_address>
         <run_address>0x22e08</run_address>
         <size>0x7c5</size>
         <input_file_ref idref="fl-1f"/>
      </object_component>
      <object_component id="oc-52">
         <name>.debug_info</name>
         <load_address>0x235cd</load_address>
         <run_address>0x235cd</run_address>
         <size>0x119</size>
         <input_file_ref idref="fl-24"/>
      </object_component>
      <object_component id="oc-d7">
         <name>.debug_info</name>
         <load_address>0x236e6</load_address>
         <run_address>0x236e6</run_address>
         <size>0x147</size>
         <input_file_ref idref="fl-25"/>
      </object_component>
      <object_component id="oc-1ef">
         <name>.debug_info</name>
         <load_address>0x2382d</load_address>
         <run_address>0x2382d</run_address>
         <size>0x4b3</size>
         <input_file_ref idref="fl-26"/>
      </object_component>
      <object_component id="oc-fb">
         <name>.debug_info</name>
         <load_address>0x23ce0</load_address>
         <run_address>0x23ce0</run_address>
         <size>0x1a6</size>
         <input_file_ref idref="fl-26"/>
      </object_component>
      <object_component id="oc-27a">
         <name>.debug_info</name>
         <load_address>0x23e86</load_address>
         <run_address>0x23e86</run_address>
         <size>0x39</size>
         <input_file_ref idref="fl-26"/>
      </object_component>
      <object_component id="oc-2dd">
         <name>.debug_info</name>
         <load_address>0x23ebf</load_address>
         <run_address>0x23ebf</run_address>
         <size>0x39</size>
         <input_file_ref idref="fl-26"/>
      </object_component>
      <object_component id="oc-27f">
         <name>.debug_info</name>
         <load_address>0x23ef8</load_address>
         <run_address>0x23ef8</run_address>
         <size>0x39</size>
         <input_file_ref idref="fl-26"/>
      </object_component>
      <object_component id="oc-284">
         <name>.debug_info</name>
         <load_address>0x23f31</load_address>
         <run_address>0x23f31</run_address>
         <size>0xcd</size>
         <input_file_ref idref="fl-26"/>
      </object_component>
      <object_component id="oc-d3">
         <name>.debug_info</name>
         <load_address>0x23ffe</load_address>
         <run_address>0x23ffe</run_address>
         <size>0x2d4</size>
         <input_file_ref idref="fl-28"/>
      </object_component>
      <object_component id="oc-62">
         <name>.debug_info</name>
         <load_address>0x242d2</load_address>
         <run_address>0x242d2</run_address>
         <size>0x1b5</size>
         <input_file_ref idref="fl-28"/>
      </object_component>
      <object_component id="oc-ce">
         <name>.debug_info</name>
         <load_address>0x24487</load_address>
         <run_address>0x24487</run_address>
         <size>0x46</size>
         <input_file_ref idref="fl-28"/>
      </object_component>
      <object_component id="oc-5a">
         <name>.debug_info</name>
         <load_address>0x244cd</load_address>
         <run_address>0x244cd</run_address>
         <size>0x2a3</size>
         <input_file_ref idref="fl-29"/>
      </object_component>
      <object_component id="oc-19">
         <name>.debug_info</name>
         <load_address>0x24770</load_address>
         <run_address>0x24770</run_address>
         <size>0x1d5</size>
         <input_file_ref idref="fl-29"/>
      </object_component>
      <object_component id="oc-55">
         <name>.debug_info</name>
         <load_address>0x24945</load_address>
         <run_address>0x24945</run_address>
         <size>0x46</size>
         <input_file_ref idref="fl-29"/>
      </object_component>
      <object_component id="oc-c6">
         <name>.debug_info</name>
         <load_address>0x2498b</load_address>
         <run_address>0x2498b</run_address>
         <size>0x2c</size>
         <input_file_ref idref="fl-29"/>
      </object_component>
      <object_component id="oc-c4">
         <name>.debug_info</name>
         <load_address>0x249b7</load_address>
         <run_address>0x249b7</run_address>
         <size>0x29e</size>
         <input_file_ref idref="fl-2a"/>
      </object_component>
      <object_component id="oc-13">
         <name>.debug_info</name>
         <load_address>0x24c55</load_address>
         <run_address>0x24c55</run_address>
         <size>0x250</size>
         <input_file_ref idref="fl-2a"/>
      </object_component>
      <object_component id="oc-45">
         <name>.debug_info</name>
         <load_address>0x24ea5</load_address>
         <run_address>0x24ea5</run_address>
         <size>0x60</size>
         <input_file_ref idref="fl-2a"/>
      </object_component>
      <object_component id="oc-194">
         <name>.debug_info</name>
         <load_address>0x24f05</load_address>
         <run_address>0x24f05</run_address>
         <size>0x46</size>
         <input_file_ref idref="fl-2a"/>
      </object_component>
      <object_component id="oc-bf">
         <name>.debug_info</name>
         <load_address>0x24f4b</load_address>
         <run_address>0x24f4b</run_address>
         <size>0x39</size>
         <input_file_ref idref="fl-2a"/>
      </object_component>
      <object_component id="oc-14b">
         <name>.debug_info</name>
         <load_address>0x24f84</load_address>
         <run_address>0x24f84</run_address>
         <size>0x122</size>
         <input_file_ref idref="fl-2b"/>
      </object_component>
      <object_component id="oc-2be">
         <name>.debug_info</name>
         <load_address>0x250a6</load_address>
         <run_address>0x250a6</run_address>
         <size>0x28f</size>
         <input_file_ref idref="fl-2d"/>
      </object_component>
      <object_component id="oc-23e">
         <name>.debug_info</name>
         <load_address>0x25335</load_address>
         <run_address>0x25335</run_address>
         <size>0x245</size>
         <input_file_ref idref="fl-2d"/>
      </object_component>
      <object_component id="oc-33f">
         <name>.debug_info</name>
         <load_address>0x2557a</load_address>
         <run_address>0x2557a</run_address>
         <size>0x92</size>
      </object_component>
      <object_component id="oc-2c7">
         <name>.debug_line</name>
         <load_address>0x0</load_address>
         <run_address>0x0</run_address>
         <size>0x4f</size>
         <input_file_ref idref="fl-2"/>
      </object_component>
      <object_component id="oc-13f">
         <name>.debug_line</name>
         <load_address>0x4f</load_address>
         <run_address>0x4f</run_address>
         <size>0x46</size>
         <input_file_ref idref="fl-2"/>
      </object_component>
      <object_component id="oc-21b">
         <name>.debug_line</name>
         <load_address>0x95</load_address>
         <run_address>0x95</run_address>
         <size>0x53</size>
         <input_file_ref idref="fl-2"/>
      </object_component>
      <object_component id="oc-16e">
         <name>.debug_line</name>
         <load_address>0xe8</load_address>
         <run_address>0xe8</run_address>
         <size>0x6f</size>
         <input_file_ref idref="fl-2"/>
      </object_component>
      <object_component id="oc-9d">
         <name>.debug_line</name>
         <load_address>0x157</load_address>
         <run_address>0x157</run_address>
         <size>0x58</size>
         <input_file_ref idref="fl-2"/>
      </object_component>
      <object_component id="oc-251">
         <name>.debug_line</name>
         <load_address>0x1af</load_address>
         <run_address>0x1af</run_address>
         <size>0x54</size>
         <input_file_ref idref="fl-2"/>
      </object_component>
      <object_component id="oc-148">
         <name>.debug_line</name>
         <load_address>0x203</load_address>
         <run_address>0x203</run_address>
         <size>0x58</size>
         <input_file_ref idref="fl-2"/>
      </object_component>
      <object_component id="oc-b8">
         <name>.debug_line</name>
         <load_address>0x25b</load_address>
         <run_address>0x25b</run_address>
         <size>0x20</size>
         <input_file_ref idref="fl-2"/>
      </object_component>
      <object_component id="oc-215">
         <name>.debug_line</name>
         <load_address>0x27b</load_address>
         <run_address>0x27b</run_address>
         <size>0x57</size>
         <input_file_ref idref="fl-2"/>
      </object_component>
      <object_component id="oc-268">
         <name>.debug_line</name>
         <load_address>0x2d2</load_address>
         <run_address>0x2d2</run_address>
         <size>0x73</size>
         <input_file_ref idref="fl-2"/>
      </object_component>
      <object_component id="oc-160">
         <name>.debug_line</name>
         <load_address>0x345</load_address>
         <run_address>0x345</run_address>
         <size>0x70</size>
         <input_file_ref idref="fl-2"/>
      </object_component>
      <object_component id="oc-bd">
         <name>.debug_line</name>
         <load_address>0x3b5</load_address>
         <run_address>0x3b5</run_address>
         <size>0x56</size>
         <input_file_ref idref="fl-2"/>
      </object_component>
      <object_component id="oc-17d">
         <name>.debug_line</name>
         <load_address>0x40b</load_address>
         <run_address>0x40b</run_address>
         <size>0x53</size>
         <input_file_ref idref="fl-2"/>
      </object_component>
      <object_component id="oc-290">
         <name>.debug_line</name>
         <load_address>0x45e</load_address>
         <run_address>0x45e</run_address>
         <size>0x4f</size>
         <input_file_ref idref="fl-2"/>
      </object_component>
      <object_component id="oc-24c">
         <name>.debug_line</name>
         <load_address>0x4ad</load_address>
         <run_address>0x4ad</run_address>
         <size>0x53</size>
         <input_file_ref idref="fl-2"/>
      </object_component>
      <object_component id="oc-248">
         <name>.debug_line</name>
         <load_address>0x500</load_address>
         <run_address>0x500</run_address>
         <size>0xfe</size>
         <input_file_ref idref="fl-3"/>
      </object_component>
      <object_component id="oc-246">
         <name>.debug_line</name>
         <load_address>0x5fe</load_address>
         <run_address>0x5fe</run_address>
         <size>0x31</size>
         <input_file_ref idref="fl-3"/>
      </object_component>
      <object_component id="oc-8f">
         <name>.debug_line</name>
         <load_address>0x62f</load_address>
         <run_address>0x62f</run_address>
         <size>0x96</size>
         <input_file_ref idref="fl-3"/>
      </object_component>
      <object_component id="oc-220">
         <name>.debug_line</name>
         <load_address>0x6c5</load_address>
         <run_address>0x6c5</run_address>
         <size>0x54</size>
         <input_file_ref idref="fl-3"/>
      </object_component>
      <object_component id="oc-ab">
         <name>.debug_line</name>
         <load_address>0x719</load_address>
         <run_address>0x719</run_address>
         <size>0x78</size>
         <input_file_ref idref="fl-4"/>
      </object_component>
      <object_component id="oc-26f">
         <name>.debug_line</name>
         <load_address>0x791</load_address>
         <run_address>0x791</run_address>
         <size>0x20</size>
         <input_file_ref idref="fl-5"/>
      </object_component>
      <object_component id="oc-71">
         <name>.debug_line</name>
         <load_address>0x7b1</load_address>
         <run_address>0x7b1</run_address>
         <size>0x1ea</size>
         <input_file_ref idref="fl-5"/>
      </object_component>
      <object_component id="oc-4d">
         <name>.debug_line</name>
         <load_address>0x99b</load_address>
         <run_address>0x99b</run_address>
         <size>0x20</size>
         <input_file_ref idref="fl-5"/>
      </object_component>
      <object_component id="oc-df">
         <name>.debug_line</name>
         <load_address>0x9bb</load_address>
         <run_address>0x9bb</run_address>
         <size>0x62</size>
         <input_file_ref idref="fl-5"/>
      </object_component>
      <object_component id="oc-1ed">
         <name>.debug_line</name>
         <load_address>0xa1d</load_address>
         <run_address>0xa1d</run_address>
         <size>0x4f</size>
         <input_file_ref idref="fl-6"/>
      </object_component>
      <object_component id="oc-89">
         <name>.debug_line</name>
         <load_address>0xa6c</load_address>
         <run_address>0xa6c</run_address>
         <size>0x26b</size>
         <input_file_ref idref="fl-6"/>
      </object_component>
      <object_component id="oc-28">
         <name>.debug_line</name>
         <load_address>0xcd7</load_address>
         <run_address>0xcd7</run_address>
         <size>0x63</size>
         <input_file_ref idref="fl-6"/>
      </object_component>
      <object_component id="oc-b3">
         <name>.debug_line</name>
         <load_address>0xd3a</load_address>
         <run_address>0xd3a</run_address>
         <size>0x53</size>
         <input_file_ref idref="fl-6"/>
      </object_component>
      <object_component id="oc-173">
         <name>.debug_line</name>
         <load_address>0xd8d</load_address>
         <run_address>0xd8d</run_address>
         <size>0x53</size>
         <input_file_ref idref="fl-6"/>
      </object_component>
      <object_component id="oc-f5">
         <name>.debug_line</name>
         <load_address>0xde0</load_address>
         <run_address>0xde0</run_address>
         <size>0x4f</size>
         <input_file_ref idref="fl-6"/>
      </object_component>
      <object_component id="oc-18c">
         <name>.debug_line</name>
         <load_address>0xe2f</load_address>
         <run_address>0xe2f</run_address>
         <size>0x53</size>
         <input_file_ref idref="fl-6"/>
      </object_component>
      <object_component id="oc-28c">
         <name>.debug_line</name>
         <load_address>0xe82</load_address>
         <run_address>0xe82</run_address>
         <size>0x20</size>
         <input_file_ref idref="fl-7"/>
      </object_component>
      <object_component id="oc-129">
         <name>.debug_line</name>
         <load_address>0xea2</load_address>
         <run_address>0xea2</run_address>
         <size>0x17b</size>
         <input_file_ref idref="fl-7"/>
      </object_component>
      <object_component id="oc-25f">
         <name>.debug_line</name>
         <load_address>0x101d</load_address>
         <run_address>0x101d</run_address>
         <size>0x20</size>
         <input_file_ref idref="fl-8"/>
      </object_component>
      <object_component id="oc-98">
         <name>.debug_line</name>
         <load_address>0x103d</load_address>
         <run_address>0x103d</run_address>
         <size>0xbc</size>
         <input_file_ref idref="fl-8"/>
      </object_component>
      <object_component id="oc-1ab">
         <name>.debug_line</name>
         <load_address>0x10f9</load_address>
         <run_address>0x10f9</run_address>
         <size>0x53</size>
         <input_file_ref idref="fl-8"/>
      </object_component>
      <object_component id="oc-1b0">
         <name>.debug_line</name>
         <load_address>0x114c</load_address>
         <run_address>0x114c</run_address>
         <size>0x56</size>
         <input_file_ref idref="fl-8"/>
      </object_component>
      <object_component id="oc-1b5">
         <name>.debug_line</name>
         <load_address>0x11a2</load_address>
         <run_address>0x11a2</run_address>
         <size>0x53</size>
         <input_file_ref idref="fl-8"/>
      </object_component>
      <object_component id="oc-263">
         <name>.debug_line</name>
         <load_address>0x11f5</load_address>
         <run_address>0x11f5</run_address>
         <size>0x53</size>
         <input_file_ref idref="fl-8"/>
      </object_component>
      <object_component id="oc-15b">
         <name>.debug_line</name>
         <load_address>0x1248</load_address>
         <run_address>0x1248</run_address>
         <size>0x53</size>
         <input_file_ref idref="fl-8"/>
      </object_component>
      <object_component id="oc-19e">
         <name>.debug_line</name>
         <load_address>0x129b</load_address>
         <run_address>0x129b</run_address>
         <size>0x6b</size>
         <input_file_ref idref="fl-8"/>
      </object_component>
      <object_component id="oc-1ba">
         <name>.debug_line</name>
         <load_address>0x1306</load_address>
         <run_address>0x1306</run_address>
         <size>0x74</size>
         <input_file_ref idref="fl-8"/>
      </object_component>
      <object_component id="oc-1bf">
         <name>.debug_line</name>
         <load_address>0x137a</load_address>
         <run_address>0x137a</run_address>
         <size>0x53</size>
         <input_file_ref idref="fl-8"/>
      </object_component>
      <object_component id="oc-1ea">
         <name>.debug_line</name>
         <load_address>0x13cd</load_address>
         <run_address>0x13cd</run_address>
         <size>0x58</size>
         <input_file_ref idref="fl-8"/>
      </object_component>
      <object_component id="oc-1c4">
         <name>.debug_line</name>
         <load_address>0x1425</load_address>
         <run_address>0x1425</run_address>
         <size>0x53</size>
         <input_file_ref idref="fl-8"/>
      </object_component>
      <object_component id="oc-178">
         <name>.debug_line</name>
         <load_address>0x1478</load_address>
         <run_address>0x1478</run_address>
         <size>0x55</size>
         <input_file_ref idref="fl-8"/>
      </object_component>
      <object_component id="oc-1dd">
         <name>.debug_line</name>
         <load_address>0x14cd</load_address>
         <run_address>0x14cd</run_address>
         <size>0x52</size>
         <input_file_ref idref="fl-8"/>
      </object_component>
      <object_component id="oc-1c9">
         <name>.debug_line</name>
         <load_address>0x151f</load_address>
         <run_address>0x151f</run_address>
         <size>0x53</size>
         <input_file_ref idref="fl-8"/>
      </object_component>
      <object_component id="oc-1d3">
         <name>.debug_line</name>
         <load_address>0x1572</load_address>
         <run_address>0x1572</run_address>
         <size>0x55</size>
         <input_file_ref idref="fl-8"/>
      </object_component>
      <object_component id="oc-1e2">
         <name>.debug_line</name>
         <load_address>0x15c7</load_address>
         <run_address>0x15c7</run_address>
         <size>0x53</size>
         <input_file_ref idref="fl-8"/>
      </object_component>
      <object_component id="oc-182">
         <name>.debug_line</name>
         <load_address>0x161a</load_address>
         <run_address>0x161a</run_address>
         <size>0x56</size>
         <input_file_ref idref="fl-8"/>
      </object_component>
      <object_component id="oc-187">
         <name>.debug_line</name>
         <load_address>0x1670</load_address>
         <run_address>0x1670</run_address>
         <size>0x55</size>
         <input_file_ref idref="fl-8"/>
      </object_component>
      <object_component id="oc-2f1">
         <name>.debug_line</name>
         <load_address>0x16c5</load_address>
         <run_address>0x16c5</run_address>
         <size>0xf5</size>
         <input_file_ref idref="fl-a"/>
      </object_component>
      <object_component id="oc-20f">
         <name>.debug_line</name>
         <load_address>0x17ba</load_address>
         <run_address>0x17ba</run_address>
         <size>0x2c4</size>
         <input_file_ref idref="fl-a"/>
      </object_component>
      <object_component id="oc-298">
         <name>.debug_line</name>
         <load_address>0x1a7e</load_address>
         <run_address>0x1a7e</run_address>
         <size>0x6b</size>
         <input_file_ref idref="fl-a"/>
      </object_component>
      <object_component id="oc-225">
         <name>.debug_line</name>
         <load_address>0x1ae9</load_address>
         <run_address>0x1ae9</run_address>
         <size>0x5b</size>
         <input_file_ref idref="fl-a"/>
      </object_component>
      <object_component id="oc-2a1">
         <name>.debug_line</name>
         <load_address>0x1b44</load_address>
         <run_address>0x1b44</run_address>
         <size>0x54</size>
         <input_file_ref idref="fl-a"/>
      </object_component>
      <object_component id="oc-2f5">
         <name>.debug_line</name>
         <load_address>0x1b98</load_address>
         <run_address>0x1b98</run_address>
         <size>0x3f</size>
         <input_file_ref idref="fl-a"/>
      </object_component>
      <object_component id="oc-305">
         <name>.debug_line</name>
         <load_address>0x1bd7</load_address>
         <run_address>0x1bd7</run_address>
         <size>0x8b</size>
         <input_file_ref idref="fl-b"/>
      </object_component>
      <object_component id="oc-311">
         <name>.debug_line</name>
         <load_address>0x1c62</load_address>
         <run_address>0x1c62</run_address>
         <size>0x37</size>
         <input_file_ref idref="fl-b"/>
      </object_component>
      <object_component id="oc-2fe">
         <name>.debug_line</name>
         <load_address>0x1c99</load_address>
         <run_address>0x1c99</run_address>
         <size>0x37</size>
         <input_file_ref idref="fl-b"/>
      </object_component>
      <object_component id="oc-2fc">
         <name>.debug_line</name>
         <load_address>0x1cd0</load_address>
         <run_address>0x1cd0</run_address>
         <size>0x37</size>
         <input_file_ref idref="fl-b"/>
      </object_component>
      <object_component id="oc-22c">
         <name>.debug_line</name>
         <load_address>0x1d07</load_address>
         <run_address>0x1d07</run_address>
         <size>0x114</size>
         <input_file_ref idref="fl-b"/>
      </object_component>
      <object_component id="oc-2a6">
         <name>.debug_line</name>
         <load_address>0x1e1b</load_address>
         <run_address>0x1e1b</run_address>
         <size>0xa4</size>
         <input_file_ref idref="fl-b"/>
      </object_component>
      <object_component id="oc-302">
         <name>.debug_line</name>
         <load_address>0x1ebf</load_address>
         <run_address>0x1ebf</run_address>
         <size>0x37</size>
         <input_file_ref idref="fl-b"/>
      </object_component>
      <object_component id="oc-307">
         <name>.debug_line</name>
         <load_address>0x1ef6</load_address>
         <run_address>0x1ef6</run_address>
         <size>0x20</size>
         <input_file_ref idref="fl-c"/>
      </object_component>
      <object_component id="oc-231">
         <name>.debug_line</name>
         <load_address>0x1f16</load_address>
         <run_address>0x1f16</run_address>
         <size>0xeb</size>
         <input_file_ref idref="fl-c"/>
      </object_component>
      <object_component id="oc-29d">
         <name>.debug_line</name>
         <load_address>0x2001</load_address>
         <run_address>0x2001</run_address>
         <size>0xe1</size>
         <input_file_ref idref="fl-d"/>
      </object_component>
      <object_component id="oc-131">
         <name>.debug_line</name>
         <load_address>0x20e2</load_address>
         <run_address>0x20e2</run_address>
         <size>0x570</size>
         <input_file_ref idref="fl-d"/>
      </object_component>
      <object_component id="oc-30a">
         <name>.debug_line</name>
         <load_address>0x2652</load_address>
         <run_address>0x2652</run_address>
         <size>0xa3</size>
         <input_file_ref idref="fl-e"/>
      </object_component>
      <object_component id="oc-26d">
         <name>.debug_line</name>
         <load_address>0x26f5</load_address>
         <run_address>0x26f5</run_address>
         <size>0x37</size>
         <input_file_ref idref="fl-e"/>
      </object_component>
      <object_component id="oc-238">
         <name>.debug_line</name>
         <load_address>0x272c</load_address>
         <run_address>0x272c</run_address>
         <size>0x109</size>
         <input_file_ref idref="fl-e"/>
      </object_component>
      <object_component id="oc-2b8">
         <name>.debug_line</name>
         <load_address>0x2835</load_address>
         <run_address>0x2835</run_address>
         <size>0xac</size>
         <input_file_ref idref="fl-e"/>
      </object_component>
      <object_component id="oc-a0">
         <name>.debug_line</name>
         <load_address>0x28e1</load_address>
         <run_address>0x28e1</run_address>
         <size>0x258</size>
         <input_file_ref idref="fl-f"/>
      </object_component>
      <object_component id="oc-2ea">
         <name>.debug_line</name>
         <load_address>0x2b39</load_address>
         <run_address>0x2b39</run_address>
         <size>0xf5</size>
         <input_file_ref idref="fl-10"/>
      </object_component>
      <object_component id="oc-206">
         <name>.debug_line</name>
         <load_address>0x2c2e</load_address>
         <run_address>0x2c2e</run_address>
         <size>0x550</size>
         <input_file_ref idref="fl-10"/>
      </object_component>
      <object_component id="oc-2ee">
         <name>.debug_line</name>
         <load_address>0x317e</load_address>
         <run_address>0x317e</run_address>
         <size>0x38</size>
         <input_file_ref idref="fl-10"/>
      </object_component>
      <object_component id="oc-2c0">
         <name>.debug_line</name>
         <load_address>0x31b6</load_address>
         <run_address>0x31b6</run_address>
         <size>0x10d</size>
         <input_file_ref idref="fl-11"/>
      </object_component>
      <object_component id="oc-26b">
         <name>.debug_line</name>
         <load_address>0x32c3</load_address>
         <run_address>0x32c3</run_address>
         <size>0x38</size>
         <input_file_ref idref="fl-11"/>
      </object_component>
      <object_component id="oc-2bc">
         <name>.debug_line</name>
         <load_address>0x32fb</load_address>
         <run_address>0x32fb</run_address>
         <size>0x38</size>
         <input_file_ref idref="fl-11"/>
      </object_component>
      <object_component id="oc-139">
         <name>.debug_line</name>
         <load_address>0x3333</load_address>
         <run_address>0x3333</run_address>
         <size>0xb67</size>
         <input_file_ref idref="fl-11"/>
      </object_component>
      <object_component id="oc-200">
         <name>.debug_line</name>
         <load_address>0x3e9a</load_address>
         <run_address>0x3e9a</run_address>
         <size>0xb3</size>
         <input_file_ref idref="fl-11"/>
      </object_component>
      <object_component id="oc-2c4">
         <name>.debug_line</name>
         <load_address>0x3f4d</load_address>
         <run_address>0x3f4d</run_address>
         <size>0x38</size>
         <input_file_ref idref="fl-11"/>
      </object_component>
      <object_component id="oc-271">
         <name>.debug_line</name>
         <load_address>0x3f85</load_address>
         <run_address>0x3f85</run_address>
         <size>0x20</size>
         <input_file_ref idref="fl-13"/>
      </object_component>
      <object_component id="oc-e6">
         <name>.debug_line</name>
         <load_address>0x3fa5</load_address>
         <run_address>0x3fa5</run_address>
         <size>0xd6</size>
         <input_file_ref idref="fl-13"/>
      </object_component>
      <object_component id="oc-1ce">
         <name>.debug_line</name>
         <load_address>0x407b</load_address>
         <run_address>0x407b</run_address>
         <size>0x56</size>
         <input_file_ref idref="fl-13"/>
      </object_component>
      <object_component id="oc-275">
         <name>.debug_line</name>
         <load_address>0x40d1</load_address>
         <run_address>0x40d1</run_address>
         <size>0x52</size>
         <input_file_ref idref="fl-13"/>
      </object_component>
      <object_component id="oc-69">
         <name>.debug_line</name>
         <load_address>0x4123</load_address>
         <run_address>0x4123</run_address>
         <size>0x2e4</size>
         <input_file_ref idref="fl-14"/>
      </object_component>
      <object_component id="oc-31">
         <name>.debug_line</name>
         <load_address>0x4407</load_address>
         <run_address>0x4407</run_address>
         <size>0x4f</size>
         <input_file_ref idref="fl-16"/>
      </object_component>
      <object_component id="oc-2d7">
         <name>.debug_line</name>
         <load_address>0x4456</load_address>
         <run_address>0x4456</run_address>
         <size>0x20</size>
         <input_file_ref idref="fl-18"/>
      </object_component>
      <object_component id="oc-2db">
         <name>.debug_line</name>
         <load_address>0x4476</load_address>
         <run_address>0x4476</run_address>
         <size>0x53</size>
         <input_file_ref idref="fl-18"/>
      </object_component>
      <object_component id="oc-1d8">
         <name>.debug_line</name>
         <load_address>0x44c9</load_address>
         <run_address>0x44c9</run_address>
         <size>0x53</size>
         <input_file_ref idref="fl-18"/>
      </object_component>
      <object_component id="oc-33">
         <name>.debug_line</name>
         <load_address>0x451c</load_address>
         <run_address>0x451c</run_address>
         <size>0x4b</size>
         <input_file_ref idref="fl-19"/>
      </object_component>
      <object_component id="oc-ee">
         <name>.debug_line</name>
         <load_address>0x4567</load_address>
         <run_address>0x4567</run_address>
         <size>0x125</size>
[...]
      </symbol>
      <symbol id="sm-780">
         <name>_coreClearInstructionFault_</name>
         <value>0xe7d0</value>
         <object_component_ref idref="oc-67"/>
      </symbol>
      <symbol id="sm-781">
         <name>_getCPSRValue_</name>
         <value>0xe708</value>
         <object_component_ref idref="oc-67"/>
      </symbol>
      <symbol id="sm-782">
         <name>__TI_PINIT_Limit</name>
         <value>0xe8f8</value>
         <object_component_ref idref="oc-67"/>
      </symbol>
      <symbol id="sm-783">
         <name>_coreEnableFlashEcc_</name>
         <value>0xe780</value>
         <object_component_ref idref="oc-67"/>
      </symbol>
      <symbol id="sm-784">
         <name>_disable_FIQ_interrupt_</name>
         <value>0xe834</value>
         <object_component_ref idref="oc-67"/>
      </symbol>
      <symbol id="sm-785">
         <name>_coreGetAuxiliaryInstructionFault_</name>
         <value>0xe818</value>
         <object_component_ref idref="oc-67"/>
      </symbol>
      <symbol id="sm-786">
         <name>_coreInitStackPointer_</name>
         <value>0xe6bc</value>
         <object_component_ref idref="oc-67"/>
      </symbol>
      <symbol id="sm-787">
         <name>_esmCcmErrorsClear_</name>
         <value>0xe84c</value>
         <object_component_ref idref="oc-67"/>
      </symbol>
      <symbol id="sm-788">
         <name>_gotoCPUIdle_</name>
         <value>0xe710</value>
         <object_component_ref idref="oc-67"/>
      </symbol>
      <symbol id="sm-789">
         <name>_coreEnableIrqVicOffset_</name>
         <value>0xe7a4</value>
         <object_component_ref idref="oc-67"/>
      </symbol>
      <symbol id="sm-78a">
         <name>_coreGetInstructionFault_</name>
         <value>0xe7c8</value>
         <object_component_ref idref="oc-67"/>
      </symbol>
      <symbol id="sm-78b">
         <name>_coreEnableVfp_</name>
         <value>0xe728</value>
         <object_component_ref idref="oc-67"/>
      </symbol>
      <symbol id="sm-78c">
         <name>_coreClearAuxiliaryDataFault_</name>
         <value>0xe80c</value>
         <object_component_ref idref="oc-67"/>
      </symbol>
      <symbol id="sm-78d">
         <name>_coreEnableEventBusExport_</name>
         <value>0xe740</value>
         <object_component_ref idref="oc-67"/>
      </symbol>
      <symbol id="sm-799">
         <name>resetEntry</name>
         <value>0x0</value>
         <object_component_ref idref="oc-2d"/>
      </symbol>
      <symbol id="sm-7b2">
         <name>phantomInterrupt</name>
         <value>0xfd08</value>
         <object_component_ref idref="oc-32"/>
      </symbol>
      <symbol id="sm-7bc">
         <name>_pmuResetCounters_</name>
         <value>0xf9ec</value>
         <object_component_ref idref="oc-ea"/>
      </symbol>
      <symbol id="sm-7bd">
         <name>_pmuGetEventCount_</name>
         <value>0xfa20</value>
         <object_component_ref idref="oc-ea"/>
      </symbol>
      <symbol id="sm-7be">
         <name>_pmuResetEventCounters_</name>
         <value>0xf9dc</value>
         <object_component_ref idref="oc-ea"/>
      </symbol>
      <symbol id="sm-7bf">
         <name>_pmuStopCounters_</name>
         <value>0xfa04</value>
         <object_component_ref idref="oc-ea"/>
      </symbol>
      <symbol id="sm-7c0">
         <name>_pmuInit_</name>
         <value>0xf960</value>
         <object_component_ref idref="oc-ea"/>
      </symbol>
      <symbol id="sm-7c1">
         <name>_pmuGetOverflow_</name>
         <value>0xfa2c</value>
         <object_component_ref idref="oc-ea"/>
      </symbol>
      <symbol id="sm-7c2">
         <name>_pmuResetCycleCounter_</name>
         <value>0xf9cc</value>
         <object_component_ref idref="oc-ea"/>
      </symbol>
      <symbol id="sm-7c3">
         <name>_pmuSetCountEvent_</name>
         <value>0xfa0c</value>
         <object_component_ref idref="oc-ea"/>
      </symbol>
      <symbol id="sm-7c4">
         <name>_pmuGetCycleCount_</name>
         <value>0xfa18</value>
         <object_component_ref idref="oc-ea"/>
      </symbol>
      <symbol id="sm-7c5">
         <name>_pmuEnableCountersGlobal_</name>
         <value>0xf9ac</value>
         <object_component_ref idref="oc-ea"/>
      </symbol>
      <symbol id="sm-7c6">
         <name>_pmuDisableCountersGlobal_</name>
         <value>0xf9bc</value>
         <object_component_ref idref="oc-ea"/>
      </symbol>
      <symbol id="sm-7c7">
         <name>_pmuStartCounters_</name>
         <value>0xf9fc</value>
         <object_component_ref idref="oc-ea"/>
      </symbol>
      <symbol id="sm-987">
         <name>pbistSelfCheck</name>
         <value>0x82cc</value>
         <object_component_ref idref="oc-7e"/>
      </symbol>
      <symbol id="sm-988">
         <name>fmcBus1ParityCheck</name>
         <value>0xa2c4</value>
         <object_component_ref idref="oc-7e"/>
      </symbol>
      <symbol id="sm-989">
         <name>can1ParityCheck</name>
         <value>0x9410</value>
         <object_component_ref idref="oc-7e"/>
      </symbol>
      <symbol id="sm-98a">
         <name>enableParity</name>
         <value>0xaad0</value>
         <object_component_ref idref="oc-7e"/>
      </symbol>
      <symbol id="sm-98b">
         <name>dmaParityCheck</name>
         <value>0x8eac</value>
         <object_component_ref idref="oc-7e"/>
      </symbol>
      <symbol id="sm-98c">
         <name>custom_dabort</name>
         <value>0x8df4</value>
         <object_component_ref idref="oc-7e"/>
      </symbol>
      <symbol id="sm-98d">
         <name>memoryInit</name>
         <value>0x8174</value>
         <object_component_ref idref="oc-7e"/>
      </symbol>
      <symbol id="sm-98e">
         <name>stcSelfCheck</name>
         <value>0x81b8</value>
         <object_component_ref idref="oc-7e"/>
      </symbol>
      <symbol id="sm-98f">
         <name>efcGetConfigValue</name>
         <value>0xa660</value>
         <object_component_ref idref="oc-7e"/>
      </symbol>
      <symbol id="sm-990">
         <name>can2ParityCheck</name>
         <value>0x94e8</value>
         <object_component_ref idref="oc-7e"/>
      </symbol>
      <symbol id="sm-991">
         <name>het1ParityCheck</name>
         <value>0x8f58</value>
         <object_component_ref idref="oc-7e"/>
      </symbol>
      <symbol id="sm-992">
         <name>adc1ParityCheck</name>
         <value>0x926c</value>
         <object_component_ref idref="oc-7e"/>
      </symbol>
      <symbol id="sm-993">
         <name>checkefcSelfTest</name>
         <value>0x87bc</value>
         <object_component_ref idref="oc-7e"/>
      </symbol>
      <symbol id="sm-994">
         <name>checkRAMECC</name>
         <value>0x99d0</value>
         <object_component_ref idref="oc-7e"/>
      </symbol>
      <symbol id="sm-995">
         <name>stcSelfCheckFail</name>
         <value>0x8df8</value>
         <object_component_ref idref="oc-7e"/>
      </symbol>
      <symbol id="sm-996">
         <name>ccmSelfCheck</name>
         <value>0x8030</value>
         <object_component_ref idref="oc-7e"/>
      </symbol>
      <symbol id="sm-997">
         <name>efcCheck</name>
         <value>0x8660</value>
         <object_component_ref idref="oc-7e"/>
      </symbol>
      <symbol id="sm-998">
         <name>het2ParityCheck</name>
         <value>0x90c0</value>
         <object_component_ref idref="oc-7e"/>
      </symbol>
      <symbol id="sm-999">
         <name>adc2ParityCheck</name>
         <value>0x9358</value>
         <object_component_ref idref="oc-7e"/>
      </symbol>
      <symbol id="sm-99a">
         <name>cpuSelfTest</name>
         <value>0x8234</value>
         <object_component_ref idref="oc-7e"/>
      </symbol>
      <symbol id="sm-99b">
         <name>htu1ParityCheck</name>
         <value>0x9004</value>
         <object_component_ref idref="oc-7e"/>
      </symbol>
      <symbol id="sm-99c">
         <name>checkFlashECC</name>
         <value>0x8d18</value>
         <object_component_ref idref="oc-7e"/>
      </symbol>
      <symbol id="sm-99d">
         <name>cpuSelfTestFail</name>
         <value>0x8dfc</value>
         <object_component_ref idref="oc-7e"/>
      </symbol>
      <symbol id="sm-99e">
         <name>checkPLL1Slip</name>
         <value>0x9e8c</value>
         <object_component_ref idref="oc-7e"/>
      </symbol>
      <symbol id="sm-99f">
         <name>mibspi1ParityCheck</name>
         <value>0x9684</value>
         <object_component_ref idref="oc-7e"/>
      </symbol>
      <symbol id="sm-9a0">
         <name>ccmr4GetConfigValue</name>
         <value>0xa6fc</value>
         <object_component_ref idref="oc-7e"/>
      </symbol>
      <symbol id="sm-9a1">
         <name>htu2ParityCheck</name>
         <value>0x91bc</value>
         <object_component_ref idref="oc-7e"/>
      </symbol>
      <symbol id="sm-9a2">
         <name>pbistPortTestStatus</name>
         <value>0x8608</value>
         <object_component_ref idref="oc-7e"/>
      </symbol>
      <symbol id="sm-9a3">
         <name>checkFlashEEPROMECC</name>
         <value>0x9cf4</value>
         <object_component_ref idref="oc-7e"/>
      </symbol>
      <symbol id="sm-9a4">
         <name>pbistGetConfigValue</name>
         <value>0xa470</value>
         <object_component_ref idref="oc-7e"/>
      </symbol>
      <symbol id="sm-9a5">
         <name>vimParityCheck</name>
         <value>0x8e00</value>
         <object_component_ref idref="oc-7e"/>
      </symbol>
      <symbol id="sm-9a6">
         <name>pbistIsTestCompleted</name>
         <value>0x85a8</value>
         <object_component_ref idref="oc-7e"/>
      </symbol>
      <symbol id="sm-9a7">
         <name>disableParity</name>
         <value>0xab58</value>
         <object_component_ref idref="oc-7e"/>
      </symbol>
      <symbol id="sm-9a8">
         <name>pbistRun</name>
         <value>0x84ac</value>
         <object_component_ref idref="oc-7e"/>
      </symbol>
      <symbol id="sm-9a9">
         <name>pbistFail</name>
         <value>0xa3ec</value>
         <object_component_ref idref="oc-7e"/>
      </symbol>
      <symbol id="sm-9aa">
         <name>selftestFailNotification</name>
         <value>0x8020</value>
         <object_component_ref idref="oc-7e"/>
      </symbol>
      <symbol id="sm-9ab">
         <name>errata_PBIST_4</name>
         <value>0xa76c</value>
         <object_component_ref idref="oc-7e"/>
      </symbol>
      <symbol id="sm-9ac">
         <name>mibspi3ParityCheck</name>
         <value>0x978c</value>
         <object_component_ref idref="oc-7e"/>
      </symbol>
      <symbol id="sm-9ad">
         <name>efcSelfTest</name>
         <value>0x8794</value>
         <object_component_ref idref="oc-7e"/>
      </symbol>
      <symbol id="sm-9ae">
         <name>checkB1RAMECC</name>
         <value>0x8b28</value>
         <object_component_ref idref="oc-7e"/>
      </symbol>
      <symbol id="sm-9af">
         <name>pbistStop</name>
         <value>0x8578</value>
         <object_component_ref idref="oc-7e"/>
      </symbol>
      <symbol id="sm-9b0">
         <name>can3ParityCheck</name>
         <value>0x95b0</value>
         <object_component_ref idref="oc-7e"/>
      </symbol>
      <symbol id="sm-9b1">
         <name>checkRAMAddrParity</name>
         <value>0xa050</value>
         <object_component_ref idref="oc-7e"/>
      </symbol>
      <symbol id="sm-9b2">
         <name>mibspi5ParityCheck</name>
         <value>0x98b0</value>
         <object_component_ref idref="oc-7e"/>
      </symbol>
      <symbol id="sm-9b3">
         <name>checkB0RAMECC</name>
         <value>0x8938</value>
         <object_component_ref idref="oc-7e"/>
      </symbol>
      <symbol id="sm-9b4">
         <name>stcGetConfigValue</name>
         <value>0xa5bc</value>
         <object_component_ref idref="oc-7e"/>
      </symbol>
      <symbol id="sm-9b5">
         <name>pbistIsTestPassed</name>
         <value>0x85d4</value>
         <object_component_ref idref="oc-7e"/>
      </symbol>
      <symbol id="sm-9b6">
         <name>checkClockMonitor</name>
         <value>0x9c18</value>
         <object_component_ref idref="oc-7e"/>
      </symbol>
      <symbol id="sm-9b7">
         <name>fmcECCcheck</name>
         <value>0x8898</value>
         <object_component_ref idref="oc-7e"/>
      </symbol>
      <symbol id="sm-9b8">
         <name>fmcBus2Check</name>
         <value>0x885c</value>
         <object_component_ref idref="oc-7e"/>
      </symbol>
      <symbol id="sm-9b9">
         <name>checkRAMUERRTest</name>
         <value>0xa15c</value>
         <object_component_ref idref="oc-7e"/>
      </symbol>
      <symbol id="sm-9ba">
         <name>efcStuckZeroTest</name>
         <value>0x86e8</value>
         <object_component_ref idref="oc-7e"/>
      </symbol>
      <symbol id="sm-9bb">
         <name>checkPLL2Slip</name>
         <value>0x9f8c</value>
         <object_component_ref idref="oc-7e"/>
      </symbol>
      <symbol id="sm-9ed">
         <name>_c_int00</name>
         <value>0xebc8</value>
         <object_component_ref idref="oc-1e"/>
      </symbol>
      <symbol id="sm-9ee">
         <name>handlePLLLockFail</name>
         <value>0xfd0c</value>
         <object_component_ref idref="oc-72"/>
      </symbol>
      <symbol id="sm-a9e">
         <name>vimChannelMap</name>
         <value>0xb934</value>
         <object_component_ref idref="oc-3c"/>
      </symbol>
      <symbol id="sm-a9f">
         <name>vimInit</name>
         <value>0xb860</value>
         <object_component_ref idref="oc-3c"/>
      </symbol>
      <symbol id="sm-aa0">
         <name>vimEnableInterrupt</name>
         <value>0xb9d8</value>
         <object_component_ref idref="oc-3c"/>
      </symbol>
      <symbol id="sm-aa1">
         <name>vimDisableInterrupt</name>
         <value>0xbba0</value>
         <object_component_ref idref="oc-3c"/>
      </symbol>
      <symbol id="sm-aa2">
         <name>vimGetConfigValue</name>
         <value>0xbc4c</value>
         <object_component_ref idref="oc-3c"/>
      </symbol>
      <symbol id="sm-aa3">
         <name>vimParityErrorHandler</name>
         <value>0xe8fc</value>
         <object_component_ref idref="oc-38"/>
      </symbol>
      <symbol id="sm-afe">
         <name>systemGetConfigValue</name>
         <value>0xb088</value>
         <object_component_ref idref="oc-78"/>
      </symbol>
      <symbol id="sm-aff">
         <name>trimLPO</name>
         <value>0xad5c</value>
         <object_component_ref idref="oc-78"/>
      </symbol>
      <symbol id="sm-b00">
         <name>systemInit</name>
         <value>0xaf8c</value>
         <object_component_ref idref="oc-78"/>
      </symbol>
      <symbol id="sm-b01">
         <name>customTrimLPO</name>
         <value>0xb784</value>
         <object_component_ref idref="oc-78"/>
      </symbol>
      <symbol id="sm-b02">
         <name>tcmflashGetConfigValue</name>
         <value>0xb49c</value>
         <object_component_ref idref="oc-78"/>
      </symbol>
      <symbol id="sm-b03">
         <name>sramGetConfigValue</name>
         <value>0xb648</value>
         <object_component_ref idref="oc-78"/>
      </symbol>
      <symbol id="sm-b04">
         <name>periphInit</name>
         <value>0xae10</value>
         <object_component_ref idref="oc-78"/>
      </symbol>
      <symbol id="sm-b05">
         <name>setupFlash</name>
         <value>0xadd0</value>
         <object_component_ref idref="oc-78"/>
      </symbol>
      <symbol id="sm-b06">
         <name>setupPLL</name>
         <value>0xacfc</value>
         <object_component_ref idref="oc-78"/>
      </symbol>
      <symbol id="sm-b07">
         <name>mapClocks</name>
         <value>0xae64</value>
         <object_component_ref idref="oc-78"/>
      </symbol>
      <symbol id="sm-b08">
         <name>systemPowerDown</name>
         <value>0xb058</value>
         <object_component_ref idref="oc-78"/>
      </symbol>
      <symbol id="sm-b23">
         <name>memcpy</name>
         <value>0xfa41</value>
         <object_component_ref idref="oc-4f"/>
      </symbol>
      <symbol id="sm-b24">
         <name>__aeabi_memcpy</name>
         <value>0xfa41</value>
         <object_component_ref idref="oc-4f"/>
      </symbol>
      <symbol id="sm-b25">
         <name>__aeabi_memcpy8</name>
         <value>0xfa41</value>
         <object_component_ref idref="oc-4f"/>
      </symbol>
      <symbol id="sm-b26">
         <name>__aeabi_memcpy4</name>
         <value>0xfa41</value>
         <object_component_ref idref="oc-4f"/>
      </symbol>
      <symbol id="sm-b35">
         <name>__aeabi_memset</name>
         <value>0xfb5f</value>
         <object_component_ref idref="oc-d4"/>
      </symbol>
      <symbol id="sm-b36">
         <name>memset</name>
         <value>0xfb65</value>
         <object_component_ref idref="oc-d4"/>
      </symbol>
      <symbol id="sm-b37">
         <name>__aeabi_memset8</name>
         <value>0xfb5f</value>
         <object_component_ref idref="oc-d4"/>
      </symbol>
      <symbol id="sm-b38">
         <name>__aeabi_memset4</name>
         <value>0xfb5f</value>
         <object_component_ref idref="oc-d4"/>
      </symbol>
      <symbol id="sm-b39">
         <name>__aeabi_memclr8</name>
         <value>0xfb5d</value>
         <object_component_ref idref="oc-d4"/>
      </symbol>
      <symbol id="sm-b3a">
         <name>__aeabi_memclr4</name>
         <value>0xfb5d</value>
         <object_component_ref idref="oc-d4"/>
      </symbol>
      <symbol id="sm-b3b">
         <name>__aeabi_memclr</name>
         <value>0xfb5d</value>
         <object_component_ref idref="oc-d4"/>
      </symbol>
      <symbol id="sm-b63">
         <name>__TI_auto_init_nobinit_nopinit</name>
         <value>0xfc91</value>
         <object_component_ref idref="oc-f8"/>
      </symbol>
      <symbol id="sm-b76">
         <name>__TI_zero_init</name>
         <value>0xfcf9</value>
         <object_component_ref idref="oc-61"/>
      </symbol>
      <symbol id="sm-b8d">
         <name>__TI_decompress_none</name>
         <value>0xfceb</value>
         <object_component_ref idref="oc-17"/>
      </symbol>
      <symbol id="sm-bb0">
         <name>__TI_decompress_lzss</name>
         <value>0xfbd7</value>
         <object_component_ref idref="oc-11"/>
      </symbol>
      <symbol id="sm-bbb">
         <name>C$$EXIT</name>
         <value>0xfd05</value>
         <object_component_ref idref="oc-14a"/>
      </symbol>
      <symbol id="sm-bbc">
         <name>abort</name>
         <value>0xfd05</value>
         <object_component_ref idref="oc-14a"/>
      </symbol>
      <symbol id="sm-bcb">
         <name>strlen</name>
         <value>0xfcd5</value>
         <object_component_ref idref="oc-23c"/>
      </symbol>
      <symbol id="sm-bcc">
         <name>__TI_static_base__</name>
         <value>0x0</value>
      </symbol>
      <symbol id="sm-bd0">
         <name>SHT$$INIT_ARRAY$$Base</name>
         <value>0x0</value>
      </symbol>
      <symbol id="sm-bd1">
         <name>SHT$$INIT_ARRAY$$Limit</name>
         <value>0x0</value>
      </symbol>
      <symbol id="sm-bd2">
         <name>_system_post_cinit</name>
         <value>0x0</value>
      </symbol>
   </symbol_table>
   <title>Link successful</title>
</link_info>
